Java HotSpot(TM) 64-Bit Server VM (25.131-b11) for windows-amd64 JRE (1.8.0_131-b11), built on Mar 15 2017 01:23:53 by "java_re" with MS VC++ 10.0 (VS2010)
Memory: 4k page, physical 8276900k(2310848k free), swap 15616932k(5735508k free)
CommandLine flags: -XX:InitialHeapSize=536870912 -XX:MaxHeapSize=536870912 -XX:MaxNewSize=178958336 -XX:MaxTenuringThreshold=6 -XX:NewSize=178958336 -XX:OldPLABSize=16 -XX:OldSize=357912576 -XX:+PrintGC -XX:+PrintGCDateStamps -XX:+PrintGCDetails -XX:+PrintGCTimeStamps -XX:+UseCompressedClassPointers -XX:+UseCompressedOops -XX:+UseConcMarkSweepGC -XX:-UseLargePagesIndividualAllocation -XX:+UseParNewGC 
2020-10-25T15:24:39.957+0800: 0.180: [GC (Allocation Failure) 2020-10-25T15:24:39.957+0800: 0.181: [ParNew: 139776K->17472K(157248K), 0.0088394 secs] 139776K->48429K(506816K), 0.0090502 secs] [Times: user=0.00 sys=0.00, real=0.01 secs] 
2020-10-25T15:24:39.992+0800: 0.216: [GC (Allocation Failure) 2020-10-25T15:24:39.992+0800: 0.216: [ParNew: 156925K->17468K(157248K), 0.0113273 secs] 187882K->90249K(506816K), 0.0114397 secs] [Times: user=0.03 sys=0.09, real=0.01 secs] 
2020-10-25T15:24:40.021+0800: 0.244: [GC (Allocation Failure) 2020-10-25T15:24:40.021+0800: 0.244: [ParNew: 157244K->17472K(157248K), 0.0277713 secs] 230025K->135218K(506816K), 0.0278682 secs] [Times: user=0.23 sys=0.01, real=0.03 secs] 
2020-10-25T15:24:40.064+0800: 0.288: [GC (Allocation Failure) 2020-10-25T15:24:40.064+0800: 0.288: [ParNew: 157248K->17471K(157248K), 0.0265226 secs] 274994K->178293K(506816K), 0.0266168 secs] [Times: user=0.09 sys=0.03, real=0.03 secs] 
2020-10-25T15:24:40.108+0800: 0.331: [GC (Allocation Failure) 2020-10-25T15:24:40.108+0800: 0.331: [ParNew: 157039K->17469K(157248K), 0.0284377 secs] 317861K->225549K(506816K), 0.0285281 secs] [Times: user=0.19 sys=0.05, real=0.03 secs] 
2020-10-25T15:24:40.136+0800: 0.360: [GC (CMS Initial Mark) [1 CMS-initial-mark: 208080K(349568K)] 225837K(506816K), 0.0002008 secs] [Times: user=0.00 sys=0.00, real=0.00 secs] 
2020-10-25T15:24:40.136+0800: 0.360: [CMS-concurrent-mark-start]
2020-10-25T15:24:40.138+0800: 0.362: [CMS-concurrent-mark: 0.002/0.002 secs] [Times: user=0.00 sys=0.00, real=0.00 secs] 
2020-10-25T15:24:40.138+0800: 0.362: [CMS-concurrent-preclean-start]
2020-10-25T15:24:40.139+0800: 0.362: [CMS-concurrent-preclean: 0.000/0.000 secs] [Times: user=0.00 sys=0.00, real=0.00 secs] 
2020-10-25T15:24:40.139+0800: 0.362: [CMS-concurrent-abortable-preclean-start]
2020-10-25T15:24:40.152+0800: 0.376: [GC (Allocation Failure) 2020-10-25T15:24:40.152+0800: 0.376: [ParNew: 157245K->17471K(157248K), 0.0273654 secs] 365325K->269387K(506816K), 0.0274565 secs] [Times: user=0.22 sys=0.03, real=0.03 secs] 
2020-10-25T15:24:40.196+0800: 0.420: [GC (Allocation Failure) 2020-10-25T15:24:40.196+0800: 0.420: [ParNew: 157247K->17470K(157248K), 0.0269236 secs] 409163K->313766K(506816K), 0.0270181 secs] [Times: user=0.24 sys=0.01, real=0.03 secs] 
2020-10-25T15:24:40.238+0800: 0.462: [GC (Allocation Failure) 2020-10-25T15:24:40.238+0800: 0.462: [ParNew: 157210K->17471K(157248K), 0.0293180 secs] 453505K->359925K(506816K), 0.0294113 secs] [Times: user=0.24 sys=0.02, real=0.03 secs] 
2020-10-25T15:24:40.268+0800: 0.491: [CMS-concurrent-abortable-preclean: 0.002/0.129 secs] [Times: user=0.74 sys=0.06, real=0.13 secs] 
2020-10-25T15:24:40.268+0800: 0.491: [GC (CMS Final Remark) [YG occupancy: 20880 K (157248 K)]2020-10-25T15:24:40.268+0800: 0.491: [Rescan (parallel) , 0.0003554 secs]2020-10-25T15:24:40.268+0800: 0.492: [weak refs processing, 0.0000338 secs]2020-10-25T15:24:40.268+0800: 0.492: [class unloading, 0.0002169 secs]2020-10-25T15:24:40.269+0800: 0.492: [scrub symbol table, 0.0002939 secs]2020-10-25T15:24:40.269+0800: 0.492: [scrub string table, 0.0000995 secs][1 CMS-remark: 342454K(349568K)] 363334K(506816K), 0.0011418 secs] [Times: user=0.00 sys=0.00, real=0.00 secs] 
2020-10-25T15:24:40.269+0800: 0.492: [CMS-concurrent-sweep-start]
2020-10-25T15:24:40.270+0800: 0.493: [CMS-concurrent-sweep: 0.001/0.001 secs] [Times: user=0.00 sys=0.00, real=0.00 secs] 
2020-10-25T15:24:40.270+0800: 0.493: [CMS-concurrent-reset-start]
2020-10-25T15:24:40.271+0800: 0.494: [CMS-concurrent-reset: 0.001/0.001 secs] [Times: user=0.00 sys=0.00, real=0.00 secs] 
2020-10-25T15:24:40.285+0800: 0.508: [GC (Allocation Failure) 2020-10-25T15:24:40.285+0800: 0.508: [ParNew (promotion failed): 157247K->157247K(157248K), 0.0128308 secs]2020-10-25T15:24:40.298+0800: 0.521: [CMS: 346823K->276948K(349568K), 0.0348211 secs] 455818K->276948K(506816K), [Metaspace: 2653K->2653K(1056768K)], 0.0477916 secs] [Times: user=0.05 sys=0.00, real=0.05 secs] 
2020-10-25T15:24:40.333+0800: 0.556: [GC (CMS Initial Mark) [1 CMS-initial-mark: 276948K(349568K)] 280644K(506816K), 0.0003374 secs] [Times: user=0.00 sys=0.00, real=0.00 secs] 
2020-10-25T15:24:40.333+0800: 0.557: [CMS-concurrent-mark-start]
2020-10-25T15:24:40.334+0800: 0.558: [CMS-concurrent-mark: 0.001/0.001 secs] [Times: user=0.00 sys=0.00, real=0.00 secs] 
2020-10-25T15:24:40.334+0800: 0.558: [CMS-concurrent-preclean-start]
2020-10-25T15:24:40.335+0800: 0.558: [CMS-concurrent-preclean: 0.000/0.000 secs] [Times: user=0.00 sys=0.00, real=0.00 secs] 
2020-10-25T15:24:40.335+0800: 0.558: [CMS-concurrent-abortable-preclean-start]
2020-10-25T15:24:40.349+0800: 0.573: [GC (Allocation Failure) 2020-10-25T15:24:40.349+0800: 0.573: [ParNew: 139776K->17469K(157248K), 0.0076280 secs] 416724K->326531K(506816K), 0.0077199 secs] [Times: user=0.00 sys=0.00, real=0.01 secs] 
2020-10-25T15:24:40.372+0800: 0.595: [GC (Allocation Failure) 2020-10-25T15:24:40.372+0800: 0.596: [ParNew: 157245K->157245K(157248K), 0.0000281 secs]2020-10-25T15:24:40.372+0800: 0.596: [CMS2020-10-25T15:24:40.372+0800: 0.596: [CMS-concurrent-abortable-preclean: 0.001/0.038 secs] [Times: user=0.03 sys=0.00, real=0.04 secs] 
 (concurrent mode failure): 309062K->301807K(349568K), 0.0392644 secs] 466307K->301807K(506816K), [Metaspace: 2653K->2653K(1056768K)], 0.0394160 secs] [Times: user=0.05 sys=0.00, real=0.04 secs] 
2020-10-25T15:24:40.429+0800: 0.652: [GC (Allocation Failure) 2020-10-25T15:24:40.429+0800: 0.652: [ParNew: 139776K->17470K(157248K), 0.0068500 secs] 441583K->345946K(506816K), 0.0069529 secs] [Times: user=0.00 sys=0.00, real=0.01 secs] 
2020-10-25T15:24:40.436+0800: 0.659: [GC (CMS Initial Mark) [1 CMS-initial-mark: 328476K(349568K)] 346140K(506816K), 0.0004623 secs] [Times: user=0.00 sys=0.00, real=0.00 secs] 
2020-10-25T15:24:40.437+0800: 0.660: [CMS-concurrent-mark-start]
2020-10-25T15:24:40.438+0800: 0.661: [CMS-concurrent-mark: 0.001/0.001 secs] [Times: user=0.05 sys=0.00, real=0.00 secs] 
2020-10-25T15:24:40.438+0800: 0.661: [CMS-concurrent-preclean-start]
2020-10-25T15:24:40.438+0800: 0.662: [CMS-concurrent-preclean: 0.001/0.001 secs] [Times: user=0.00 sys=0.00, real=0.00 secs] 
2020-10-25T15:24:40.438+0800: 0.662: [CMS-concurrent-abortable-preclean-start]
2020-10-25T15:24:40.438+0800: 0.662: [CMS-concurrent-abortable-preclean: 0.000/0.000 secs] [Times: user=0.00 sys=0.00, real=0.00 secs] 
2020-10-25T15:24:40.439+0800: 0.662: [GC (CMS Final Remark) [YG occupancy: 35710 K (157248 K)]2020-10-25T15:24:40.439+0800: 0.662: [Rescan (parallel) , 0.0004644 secs]2020-10-25T15:24:40.439+0800: 0.663: [weak refs processing, 0.0000202 secs]2020-10-25T15:24:40.439+0800: 0.663: [class unloading, 0.0002639 secs]2020-10-25T15:24:40.440+0800: 0.663: [scrub symbol table, 0.0003521 secs]2020-10-25T15:24:40.440+0800: 0.663: [scrub string table, 0.0001040 secs][1 CMS-remark: 328476K(349568K)] 364186K(506816K), 0.0013397 secs] [Times: user=0.00 sys=0.00, real=0.00 secs] 
2020-10-25T15:24:40.440+0800: 0.664: [CMS-concurrent-sweep-start]
2020-10-25T15:24:40.441+0800: 0.665: [CMS-concurrent-sweep: 0.001/0.001 secs] [Times: user=0.00 sys=0.00, real=0.00 secs] 
2020-10-25T15:24:40.441+0800: 0.665: [CMS-concurrent-reset-start]
2020-10-25T15:24:40.442+0800: 0.665: [CMS-concurrent-reset: 0.000/0.000 secs] [Times: user=0.00 sys=0.00, real=0.00 secs] 
2020-10-25T15:24:40.455+0800: 0.678: [GC (Allocation Failure) 2020-10-25T15:24:40.455+0800: 0.678: [ParNew: 157246K->17469K(157248K), 0.0095250 secs] 450735K->355660K(506816K), 0.0096245 secs] [Times: user=0.00 sys=0.00, real=0.01 secs] 
2020-10-25T15:24:40.465+0800: 0.688: [GC (CMS Initial Mark) [1 CMS-initial-mark: 338190K(349568K)] 358782K(506816K), 0.0005587 secs] [Times: user=0.00 sys=0.00, real=0.00 secs] 
2020-10-25T15:24:40.465+0800: 0.689: [CMS-concurrent-mark-start]
2020-10-25T15:24:40.467+0800: 0.691: [CMS-concurrent-mark: 0.002/0.002 secs] [Times: user=0.00 sys=0.00, real=0.00 secs] 
2020-10-25T15:24:40.467+0800: 0.691: [CMS-concurrent-preclean-start]
2020-10-25T15:24:40.468+0800: 0.691: [CMS-concurrent-preclean: 0.000/0.000 secs] [Times: user=0.00 sys=0.00, real=0.00 secs] 
2020-10-25T15:24:40.468+0800: 0.691: [CMS-concurrent-abortable-preclean-start]
2020-10-25T15:24:40.468+0800: 0.691: [CMS-concurrent-abortable-preclean: 0.000/0.000 secs] [Times: user=0.00 sys=0.00, real=0.00 secs] 
2020-10-25T15:24:40.468+0800: 0.691: [GC (CMS Final Remark) [YG occupancy: 43321 K (157248 K)]2020-10-25T15:24:40.468+0800: 0.691: [Rescan (parallel) , 0.0005600 secs]2020-10-25T15:24:40.469+0800: 0.692: [weak refs processing, 0.0000201 secs]2020-10-25T15:24:40.469+0800: 0.692: [class unloading, 0.0002148 secs]2020-10-25T15:24:40.469+0800: 0.692: [scrub symbol table, 0.0002882 secs]2020-10-25T15:24:40.469+0800: 0.693: [scrub string table, 0.0000994 secs][1 CMS-remark: 338190K(349568K)] 381512K(506816K), 0.0012959 secs] [Times: user=0.00 sys=0.00, real=0.00 secs] 
2020-10-25T15:24:40.469+0800: 0.693: [CMS-concurrent-sweep-start]
2020-10-25T15:24:40.470+0800: 0.694: [CMS-concurrent-sweep: 0.001/0.001 secs] [Times: user=0.03 sys=0.00, real=0.00 secs] 
2020-10-25T15:24:40.470+0800: 0.694: [CMS-concurrent-reset-start]
2020-10-25T15:24:40.471+0800: 0.694: [CMS-concurrent-reset: 0.000/0.000 secs] [Times: user=0.00 sys=0.00, real=0.00 secs] 
2020-10-25T15:24:40.483+0800: 0.706: [GC (Allocation Failure) 2020-10-25T15:24:40.483+0800: 0.706: [ParNew: 157245K->157245K(157248K), 0.0000264 secs]2020-10-25T15:24:40.483+0800: 0.706: [CMS: 303015K->328468K(349568K), 0.0418904 secs] 460261K->328468K(506816K), [Metaspace: 2653K->2653K(1056768K)], 0.0420295 secs] [Times: user=0.05 sys=0.00, real=0.04 secs] 
2020-10-25T15:24:40.525+0800: 0.749: [GC (CMS Initial Mark) [1 CMS-initial-mark: 328468K(349568K)] 331944K(506816K), 0.0006911 secs] [Times: user=0.00 sys=0.00, real=0.00 secs] 
2020-10-25T15:24:40.526+0800: 0.749: [CMS-concurrent-mark-start]
2020-10-25T15:24:40.527+0800: 0.751: [CMS-concurrent-mark: 0.001/0.001 secs] [Times: user=0.00 sys=0.00, real=0.00 secs] 
2020-10-25T15:24:40.527+0800: 0.751: [CMS-concurrent-preclean-start]
2020-10-25T15:24:40.528+0800: 0.751: [CMS-concurrent-preclean: 0.000/0.000 secs] [Times: user=0.00 sys=0.00, real=0.00 secs] 
2020-10-25T15:24:40.528+0800: 0.751: [CMS-concurrent-abortable-preclean-start]
2020-10-25T15:24:40.542+0800: 0.766: [GC (Allocation Failure) 2020-10-25T15:24:40.542+0800: 0.766: [ParNew: 139776K->139776K(157248K), 0.0000267 secs]2020-10-25T15:24:40.543+0800: 0.766: [CMS2020-10-25T15:24:40.543+0800: 0.766: [CMS-concurrent-abortable-preclean: 0.000/0.015 secs] [Times: user=0.02 sys=0.00, real=0.01 secs] 
 (concurrent mode failure): 328468K->336827K(349568K), 0.0417989 secs] 468244K->336827K(506816K), [Metaspace: 2653K->2653K(1056768K)], 0.0419466 secs] [Times: user=0.05 sys=0.00, real=0.04 secs] 
2020-10-25T15:24:40.600+0800: 0.823: [GC (Allocation Failure) 2020-10-25T15:24:40.600+0800: 0.823: [ParNew: 139776K->139776K(157248K), 0.0000261 secs]2020-10-25T15:24:40.600+0800: 0.823: [CMS: 336827K->345889K(349568K), 0.0426707 secs] 476603K->345889K(506816K), [Metaspace: 2653K->2653K(1056768K)], 0.0428078 secs] [Times: user=0.05 sys=0.00, real=0.04 secs] 
2020-10-25T15:24:40.643+0800: 0.866: [GC (CMS Initial Mark) [1 CMS-initial-mark: 345889K(349568K)] 349041K(506816K), 0.0006330 secs] [Times: user=0.00 sys=0.00, real=0.00 secs] 
2020-10-25T15:24:40.644+0800: 0.867: [CMS-concurrent-mark-start]
2020-10-25T15:24:40.645+0800: 0.869: [CMS-concurrent-mark: 0.001/0.001 secs] [Times: user=0.00 sys=0.00, real=0.00 secs] 
2020-10-25T15:24:40.645+0800: 0.869: [CMS-concurrent-preclean-start]
2020-10-25T15:24:40.646+0800: 0.869: [CMS-concurrent-preclean: 0.000/0.000 secs] [Times: user=0.00 sys=0.00, real=0.00 secs] 
2020-10-25T15:24:40.646+0800: 0.869: [CMS-concurrent-abortable-preclean-start]
2020-10-25T15:24:40.646+0800: 0.869: [CMS-concurrent-abortable-preclean: 0.000/0.000 secs] [Times: user=0.00 sys=0.00, real=0.00 secs] 
2020-10-25T15:24:40.646+0800: 0.869: [GC (CMS Final Remark) [YG occupancy: 17475 K (157248 K)]2020-10-25T15:24:40.646+0800: 0.869: [Rescan (parallel) , 0.0008722 secs]2020-10-25T15:24:40.647+0800: 0.870: [weak refs processing, 0.0000193 secs]2020-10-25T15:24:40.647+0800: 0.870: [class unloading, 0.0001974 secs]2020-10-25T15:24:40.647+0800: 0.870: [scrub symbol table, 0.0002884 secs]2020-10-25T15:24:40.647+0800: 0.871: [scrub string table, 0.0000990 secs][1 CMS-remark: 345889K(349568K)] 363365K(506816K), 0.0015913 secs] [Times: user=0.00 sys=0.00, real=0.00 secs] 
2020-10-25T15:24:40.648+0800: 0.871: [CMS-concurrent-sweep-start]
2020-10-25T15:24:40.648+0800: 0.872: [CMS-concurrent-sweep: 0.000/0.000 secs] [Times: user=0.00 sys=0.00, real=0.00 secs] 
2020-10-25T15:24:40.648+0800: 0.872: [CMS-concurrent-reset-start]
2020-10-25T15:24:40.648+0800: 0.872: [CMS-concurrent-reset: 0.000/0.000 secs] [Times: user=0.00 sys=0.00, real=0.00 secs] 
2020-10-25T15:24:40.661+0800: 0.885: [GC (Allocation Failure) 2020-10-25T15:24:40.661+0800: 0.885: [ParNew: 139102K->139102K(157248K), 0.0000263 secs]2020-10-25T15:24:40.661+0800: 0.885: [CMS: 345161K->343230K(349568K), 0.0422171 secs] 484264K->343230K(506816K), [Metaspace: 2653K->2653K(1056768K)], 0.0423528 secs] [Times: user=0.05 sys=0.00, real=0.04 secs] 
2020-10-25T15:24:40.704+0800: 0.927: [GC (CMS Initial Mark) [1 CMS-initial-mark: 343230K(349568K)] 346815K(506816K), 0.0007013 secs] [Times: user=0.00 sys=0.00, real=0.00 secs] 
2020-10-25T15:24:40.705+0800: 0.928: [CMS-concurrent-mark-start]
2020-10-25T15:24:40.706+0800: 0.930: [CMS-concurrent-mark: 0.001/0.001 secs] [Times: user=0.00 sys=0.00, real=0.00 secs] 
2020-10-25T15:24:40.706+0800: 0.930: [CMS-concurrent-preclean-start]
2020-10-25T15:24:40.707+0800: 0.930: [CMS-concurrent-preclean: 0.000/0.000 secs] [Times: user=0.00 sys=0.00, real=0.00 secs] 
2020-10-25T15:24:40.707+0800: 0.930: [CMS-concurrent-abortable-preclean-start]
2020-10-25T15:24:40.707+0800: 0.930: [CMS-concurrent-abortable-preclean: 0.000/0.000 secs] [Times: user=0.00 sys=0.00, real=0.00 secs] 
2020-10-25T15:24:40.707+0800: 0.930: [GC (CMS Final Remark) [YG occupancy: 19656 K (157248 K)]2020-10-25T15:24:40.707+0800: 0.930: [Rescan (parallel) , 0.0007260 secs]2020-10-25T15:24:40.708+0800: 0.931: [weak refs processing, 0.0000188 secs]2020-10-25T15:24:40.708+0800: 0.931: [class unloading, 0.0002063 secs]2020-10-25T15:24:40.708+0800: 0.931: [scrub symbol table, 0.0002872 secs]2020-10-25T15:24:40.708+0800: 0.932: [scrub string table, 0.0000994 secs][1 CMS-remark: 343230K(349568K)] 362886K(506816K), 0.0014508 secs] [Times: user=0.00 sys=0.00, real=0.00 secs] 
2020-10-25T15:24:40.709+0800: 0.932: [CMS-concurrent-sweep-start]
2020-10-25T15:24:40.709+0800: 0.932: [CMS-concurrent-sweep: 0.000/0.000 secs] [Times: user=0.00 sys=0.00, real=0.00 secs] 
2020-10-25T15:24:40.709+0800: 0.932: [CMS-concurrent-reset-start]
2020-10-25T15:24:40.709+0800: 0.933: [CMS-concurrent-reset: 0.000/0.000 secs] [Times: user=0.00 sys=0.00, real=0.00 secs] 
2020-10-25T15:24:40.722+0800: 0.945: [GC (Allocation Failure) 2020-10-25T15:24:40.722+0800: 0.945: [ParNew: 139776K->139776K(157248K), 0.0000264 secs]2020-10-25T15:24:40.722+0800: 0.945: [CMS: 343020K->348999K(349568K), 0.0437268 secs] 482796K->354883K(506816K), [Metaspace: 2653K->2653K(1056768K)], 0.0438656 secs] [Times: user=0.03 sys=0.00, real=0.04 secs] 
2020-10-25T15:24:40.766+0800: 0.989: [GC (CMS Initial Mark) [1 CMS-initial-mark: 348999K(349568K)] 358401K(506816K), 0.0006389 secs] [Times: user=0.00 sys=0.01, real=0.00 secs] 
2020-10-25T15:24:40.767+0800: 0.990: [CMS-concurrent-mark-start]
2020-10-25T15:24:40.768+0800: 0.992: [CMS-concurrent-mark: 0.002/0.002 secs] [Times: user=0.00 sys=0.00, real=0.00 secs] 
2020-10-25T15:24:40.769+0800: 0.992: [CMS-concurrent-preclean-start]
2020-10-25T15:24:40.770+0800: 0.994: [CMS-concurrent-preclean: 0.001/0.001 secs] [Times: user=0.00 sys=0.00, real=0.00 secs] 
2020-10-25T15:24:40.770+0800: 0.994: [CMS-concurrent-abortable-preclean-start]
2020-10-25T15:24:40.770+0800: 0.994: [CMS-concurrent-abortable-preclean: 0.000/0.000 secs] [Times: user=0.00 sys=0.00, real=0.00 secs] 
2020-10-25T15:24:40.770+0800: 0.994: [GC (CMS Final Remark) [YG occupancy: 32703 K (157248 K)]2020-10-25T15:24:40.770+0800: 0.994: [Rescan (parallel) , 0.0005649 secs]2020-10-25T15:24:40.771+0800: 0.994: [weak refs processing, 0.0000196 secs]2020-10-25T15:24:40.771+0800: 0.994: [class unloading, 0.0002031 secs]2020-10-25T15:24:40.771+0800: 0.995: [scrub symbol table, 0.0002844 secs]2020-10-25T15:24:40.771+0800: 0.995: [scrub string table, 0.0001081 secs][1 CMS-remark: 348999K(349568K)] 381703K(506816K), 0.0012940 secs] [Times: user=0.00 sys=0.00, real=0.00 secs] 
2020-10-25T15:24:40.772+0800: 0.995: [CMS-concurrent-sweep-start]
2020-10-25T15:24:40.772+0800: 0.996: [CMS-concurrent-sweep: 0.000/0.000 secs] [Times: user=0.00 sys=0.00, real=0.00 secs] 
2020-10-25T15:24:40.772+0800: 0.996: [CMS-concurrent-reset-start]
2020-10-25T15:24:40.773+0800: 0.996: [CMS-concurrent-reset: 0.000/0.000 secs] [Times: user=0.00 sys=0.00, real=0.00 secs] 
2020-10-25T15:24:40.786+0800: 1.009: [GC (Allocation Failure) 2020-10-25T15:24:40.786+0800: 1.009: [ParNew: 157205K->157205K(157248K), 0.0000264 secs]2020-10-25T15:24:40.786+0800: 1.010: [CMS: 347587K->349436K(349568K), 0.0459510 secs] 504792K->359205K(506816K), [Metaspace: 2653K->2653K(1056768K)], 0.0460858 secs] [Times: user=0.05 sys=0.00, real=0.05 secs] 
2020-10-25T15:24:40.832+0800: 1.056: [GC (CMS Initial Mark) [1 CMS-initial-mark: 349436K(349568K)] 362067K(506816K), 0.0004195 secs] [Times: user=0.00 sys=0.00, real=0.00 secs] 
2020-10-25T15:24:40.833+0800: 1.056: [CMS-concurrent-mark-start]
2020-10-25T15:24:40.834+0800: 1.058: [CMS-concurrent-mark: 0.001/0.001 secs] [Times: user=0.00 sys=0.00, real=0.00 secs] 
2020-10-25T15:24:40.834+0800: 1.058: [CMS-concurrent-preclean-start]
2020-10-25T15:24:40.835+0800: 1.059: [CMS-concurrent-preclean: 0.001/0.001 secs] [Times: user=0.00 sys=0.00, real=0.00 secs] 
2020-10-25T15:24:40.836+0800: 1.059: [CMS-concurrent-abortable-preclean-start]
2020-10-25T15:24:40.836+0800: 1.059: [CMS-concurrent-abortable-preclean: 0.000/0.000 secs] [Times: user=0.00 sys=0.00, real=0.00 secs] 
2020-10-25T15:24:40.836+0800: 1.059: [GC (CMS Final Remark) [YG occupancy: 32502 K (157248 K)]2020-10-25T15:24:40.836+0800: 1.059: [Rescan (parallel) , 0.0007375 secs]2020-10-25T15:24:40.837+0800: 1.060: [weak refs processing, 0.0000207 secs]2020-10-25T15:24:40.837+0800: 1.060: [class unloading, 0.0002042 secs]2020-10-25T15:24:40.837+0800: 1.060: [scrub symbol table, 0.0002827 secs]2020-10-25T15:24:40.837+0800: 1.061: [scrub string table, 0.0000982 secs][1 CMS-remark: 349436K(349568K)] 381938K(506816K), 0.0014623 secs] [Times: user=0.00 sys=0.00, real=0.00 secs] 
2020-10-25T15:24:40.837+0800: 1.061: [CMS-concurrent-sweep-start]
2020-10-25T15:24:40.838+0800: 1.061: [CMS-concurrent-sweep: 0.000/0.000 secs] [Times: user=0.00 sys=0.00, real=0.00 secs] 
2020-10-25T15:24:40.838+0800: 1.061: [CMS-concurrent-reset-start]
2020-10-25T15:24:40.838+0800: 1.062: [CMS-concurrent-reset: 0.000/0.000 secs] [Times: user=0.00 sys=0.00, real=0.00 secs] 
2020-10-25T15:24:40.853+0800: 1.077: [GC (Allocation Failure) 2020-10-25T15:24:40.853+0800: 1.077: [ParNew: 157008K->157008K(157248K), 0.0000267 secs]2020-10-25T15:24:40.853+0800: 1.077: [CMS: 349121K->349102K(349568K), 0.0447086 secs] 506129K->360404K(506816K), [Metaspace: 2653K->2653K(1056768K)], 0.0448454 secs] [Times: user=0.05 sys=0.00, real=0.05 secs] 
2020-10-25T15:24:40.898+0800: 1.122: [GC (CMS Initial Mark) [1 CMS-initial-mark: 349102K(349568K)] 363491K(506816K), 0.0005870 secs] [Times: user=0.00 sys=0.00, real=0.00 secs] 
2020-10-25T15:24:40.899+0800: 1.123: [CMS-concurrent-mark-start]
Heap
 par new generation   total 157248K, used 17184K [0x00000000e0000000, 0x00000000eaaa0000, 0x00000000eaaa0000)
  eden space 139776K,  12% used [0x00000000e0000000, 0x00000000e10c82b8, 0x00000000e8880000)
  from space 17472K,   0% used [0x00000000e8880000, 0x00000000e8880000, 0x00000000e9990000)
  to   space 17472K,   0% used [0x00000000e9990000, 0x00000000e9990000, 0x00000000eaaa0000)
 concurrent mark-sweep generation total 349568K, used 349102K [0x00000000eaaa0000, 0x0000000100000000, 0x0000000100000000)
 Metaspace       used 2659K, capacity 4486K, committed 4864K, reserved 1056768K
  class space    used 297K, capacity 386K, committed 512K, reserved 1048576K
