Java HotSpot(TM) 64-Bit Server VM (25.131-b11) for windows-amd64 JRE (1.8.0_131-b11), built on Mar 15 2017 01:23:53 by "java_re" with MS VC++ 10.0 (VS2010)
Memory: 4k page, physical 8276900k(2167096k free), swap 15616932k(5699272k free)
CommandLine flags: -XX:InitialHeapSize=1073741824 -XX:MaxHeapSize=1073741824 -XX:+PrintGC -XX:+PrintGCDateStamps -XX:+PrintGCDetails -XX:+PrintGCTimeStamps -XX:+UseCompressedClassPointers -XX:+UseCompressedOops -XX:-UseLargePagesIndividualAllocation -XX:+UseParallelGC 
2020-10-25T15:16:26.957+0800: 0.234: [GC (Allocation Failure) [PSYoungGen: 262144K->43502K(305664K)] 262144K->80257K(1005056K), 0.0125194 secs] [Times: user=0.03 sys=0.00, real=0.01 secs] 
2020-10-25T15:16:27.003+0800: 0.280: [GC (Allocation Failure) [PSYoungGen: 305646K->43516K(305664K)] 342401K->148167K(1005056K), 0.0172107 secs] [Times: user=0.03 sys=0.09, real=0.02 secs] 
2020-10-25T15:16:27.052+0800: 0.329: [GC (Allocation Failure) [PSYoungGen: 305660K->43517K(305664K)] 410311K->218285K(1005056K), 0.0170205 secs] [Times: user=0.03 sys=0.09, real=0.02 secs] 
2020-10-25T15:16:27.100+0800: 0.377: [GC (Allocation Failure) [PSYoungGen: 305661K->43515K(305664K)] 480429K->286567K(1005056K), 0.0198192 secs] [Times: user=0.02 sys=0.11, real=0.02 secs] 
2020-10-25T15:16:27.149+0800: 0.426: [GC (Allocation Failure) [PSYoungGen: 305659K->43505K(305664K)] 548711K->360937K(1005056K), 0.0204411 secs] [Times: user=0.02 sys=0.09, real=0.02 secs] 
2020-10-25T15:16:27.199+0800: 0.476: [GC (Allocation Failure) [PSYoungGen: 305649K->43519K(160256K)] 623081K->438717K(859648K), 0.0214187 secs] [Times: user=0.17 sys=0.05, real=0.02 secs] 
2020-10-25T15:16:27.234+0800: 0.511: [GC (Allocation Failure) [PSYoungGen: 160255K->73702K(232960K)] 555453K->473478K(932352K), 0.0101730 secs] [Times: user=0.06 sys=0.02, real=0.01 secs] 
2020-10-25T15:16:27.258+0800: 0.535: [GC (Allocation Failure) [PSYoungGen: 190438K->99778K(232960K)] 590214K->509202K(932352K), 0.0135275 secs] [Times: user=0.13 sys=0.00, real=0.01 secs] 
2020-10-25T15:16:27.286+0800: 0.563: [GC (Allocation Failure) [PSYoungGen: 216469K->108119K(232960K)] 625894K->533871K(932352K), 0.0176315 secs] [Times: user=0.11 sys=0.00, real=0.02 secs] 
2020-10-25T15:16:27.318+0800: 0.595: [GC (Allocation Failure) [PSYoungGen: 224855K->75941K(232960K)] 650607K->559789K(932352K), 0.0219408 secs] [Times: user=0.02 sys=0.08, real=0.02 secs] 
2020-10-25T15:16:27.353+0800: 0.630: [GC (Allocation Failure) [PSYoungGen: 192445K->41638K(232960K)] 676293K->593506K(932352K), 0.0185869 secs] [Times: user=0.06 sys=0.05, real=0.02 secs] 
2020-10-25T15:16:27.384+0800: 0.661: [GC (Allocation Failure) [PSYoungGen: 158353K->45567K(232960K)] 710220K->632753K(932352K), 0.0123319 secs] [Times: user=0.08 sys=0.03, real=0.01 secs] 
2020-10-25T15:16:27.409+0800: 0.686: [GC (Allocation Failure) [PSYoungGen: 162303K->42191K(232960K)] 749489K->668812K(932352K), 0.0141509 secs] [Times: user=0.06 sys=0.05, real=0.01 secs] 
2020-10-25T15:16:27.423+0800: 0.700: [Full GC (Ergonomics) [PSYoungGen: 42191K->0K(232960K)] [ParOldGen: 626620K->347896K(699392K)] 668812K->347896K(932352K), [Metaspace: 2653K->2653K(1056768K)], 0.0542990 secs] [Times: user=0.34 sys=0.00, real=0.05 secs] 
2020-10-25T15:16:27.492+0800: 0.769: [GC (Allocation Failure) [PSYoungGen: 116736K->38966K(232960K)] 464632K->386862K(932352K), 0.0051962 secs] [Times: user=0.00 sys=0.00, real=0.00 secs] 
2020-10-25T15:16:27.512+0800: 0.789: [GC (Allocation Failure) [PSYoungGen: 155702K->35120K(232960K)] 503598K->418466K(932352K), 0.0089263 secs] [Times: user=0.13 sys=0.00, real=0.01 secs] 
2020-10-25T15:16:27.534+0800: 0.811: [GC (Allocation Failure) [PSYoungGen: 151856K->42206K(232960K)] 535202K->456873K(932352K), 0.0089376 secs] [Times: user=0.00 sys=0.00, real=0.01 secs] 
2020-10-25T15:16:27.557+0800: 0.834: [GC (Allocation Failure) [PSYoungGen: 158942K->37041K(232960K)] 573609K->489647K(932352K), 0.0094515 secs] [Times: user=0.13 sys=0.00, real=0.01 secs] 
2020-10-25T15:16:27.580+0800: 0.857: [GC (Allocation Failure) [PSYoungGen: 153714K->43255K(232960K)] 606320K->528259K(932352K), 0.0094703 secs] [Times: user=0.00 sys=0.00, real=0.01 secs] 
2020-10-25T15:16:27.603+0800: 0.880: [GC (Allocation Failure) [PSYoungGen: 159991K->35243K(232960K)] 644995K->560348K(932352K), 0.0093923 secs] [Times: user=0.13 sys=0.00, real=0.01 secs] 
2020-10-25T15:16:27.625+0800: 0.902: [GC (Allocation Failure) [PSYoungGen: 151829K->40968K(232960K)] 676934K->597466K(932352K), 0.0093129 secs] [Times: user=0.00 sys=0.01, real=0.01 secs] 
2020-10-25T15:16:27.648+0800: 0.925: [GC (Allocation Failure) [PSYoungGen: 157654K->37225K(232960K)] 714152K->631026K(932352K), 0.0093814 secs] [Times: user=0.09 sys=0.00, real=0.01 secs] 
2020-10-25T15:16:27.671+0800: 0.948: [GC (Allocation Failure) [PSYoungGen: 153961K->36399K(232960K)] 747762K->662822K(932352K), 0.0086828 secs] [Times: user=0.13 sys=0.00, real=0.01 secs] 
2020-10-25T15:16:27.692+0800: 0.969: [GC (Allocation Failure) [PSYoungGen: 153077K->45559K(232960K)] 779499K->705577K(932352K), 0.0118332 secs] [Times: user=0.06 sys=0.05, real=0.01 secs] 
2020-10-25T15:16:27.704+0800: 0.981: [Full GC (Ergonomics) [PSYoungGen: 45559K->0K(232960K)] [ParOldGen: 660018K->366391K(699392K)] 705577K->366391K(932352K), [Metaspace: 2653K->2653K(1056768K)], 0.0482408 secs] [Times: user=0.38 sys=0.00, real=0.05 secs] 
2020-10-25T15:16:27.766+0800: 1.043: [GC (Allocation Failure) [PSYoungGen: 116736K->41167K(232960K)] 483127K->407558K(932352K), 0.0053414 secs] [Times: user=0.13 sys=0.00, real=0.01 secs] 
2020-10-25T15:16:27.788+0800: 1.065: [GC (Allocation Failure) [PSYoungGen: 157690K->35391K(232960K)] 524081K->439888K(932352K), 0.0092865 secs] [Times: user=0.00 sys=0.00, real=0.01 secs] 
2020-10-25T15:16:27.811+0800: 1.088: [GC (Allocation Failure) [PSYoungGen: 152127K->37784K(235520K)] 556624K->473277K(934912K), 0.0087810 secs] [Times: user=0.13 sys=0.00, real=0.01 secs] 
Heap
 PSYoungGen      total 235520K, used 43290K [0x00000000eab00000, 0x0000000100000000, 0x0000000100000000)
  eden space 119296K, 4% used [0x00000000eab00000,0x00000000eb060a58,0x00000000f1f80000)
  from space 116224K, 32% used [0x00000000f8e80000,0x00000000fb366150,0x0000000100000000)
  to   space 113664K, 0% used [0x00000000f1f80000,0x00000000f1f80000,0x00000000f8e80000)
 ParOldGen       total 699392K, used 435493K [0x00000000c0000000, 0x00000000eab00000, 0x00000000eab00000)
  object space 699392K, 62% used [0x00000000c0000000,0x00000000da9494c0,0x00000000eab00000)
 Metaspace       used 2659K, capacity 4486K, committed 4864K, reserved 1056768K
  class space    used 297K, capacity 386K, committed 512K, reserved 1048576K
