Java HotSpot(TM) 64-Bit Server VM (25.131-b11) for windows-amd64 JRE (1.8.0_131-b11), built on Mar 15 2017 01:23:53 by "java_re" with MS VC++ 10.0 (VS2010)
Memory: 4k page, physical 8276900k(2260820k free), swap 15616932k(5850596k free)
CommandLine flags: -XX:InitialHeapSize=536870912 -XX:MaxHeapSize=536870912 -XX:+PrintGC -XX:+PrintGCDateStamps -XX:+PrintGCDetails -XX:+PrintGCTimeStamps -XX:+UseCompressedClassPointers -XX:+UseCompressedOops -XX:-UseLargePagesIndividualAllocation -XX:+UseSerialGC 
2020-10-25T15:10:37.456+0800: 0.173: [GC (Allocation Failure) 2020-10-25T15:10:37.456+0800: 0.173: [DefNew: 139776K->17472K(157248K), 0.0241344 secs] 139776K->46973K(506816K), 0.0243607 secs] [Times: user=0.00 sys=0.01, real=0.02 secs] 
2020-10-25T15:10:37.508+0800: 0.225: [GC (Allocation Failure) 2020-10-25T15:10:37.508+0800: 0.225: [DefNew: 157248K->17471K(157248K), 0.0312031 secs] 186749K->91969K(506816K), 0.0312912 secs] [Times: user=0.02 sys=0.02, real=0.03 secs] 
2020-10-25T15:10:37.556+0800: 0.273: [GC (Allocation Failure) 2020-10-25T15:10:37.556+0800: 0.273: [DefNew: 157247K->17472K(157248K), 0.0209890 secs] 231745K->129536K(506816K), 0.0210804 secs] [Times: user=0.02 sys=0.00, real=0.02 secs] 
2020-10-25T15:10:37.593+0800: 0.310: [GC (Allocation Failure) 2020-10-25T15:10:37.593+0800: 0.310: [DefNew: 157248K->17471K(157248K), 0.0255829 secs] 269312K->175283K(506816K), 0.0256737 secs] [Times: user=0.02 sys=0.02, real=0.03 secs] 
2020-10-25T15:10:37.634+0800: 0.352: [GC (Allocation Failure) 2020-10-25T15:10:37.634+0800: 0.352: [DefNew: 157247K->17472K(157248K), 0.0230994 secs] 315059K->215487K(506816K), 0.0231913 secs] [Times: user=0.03 sys=0.00, real=0.02 secs] 
2020-10-25T15:10:37.674+0800: 0.391: [GC (Allocation Failure) 2020-10-25T15:10:37.674+0800: 0.391: [DefNew: 157248K->17471K(157248K), 0.0257246 secs] 355263K->257052K(506816K), 0.0258164 secs] [Times: user=0.00 sys=0.02, real=0.03 secs] 
2020-10-25T15:10:37.716+0800: 0.433: [GC (Allocation Failure) 2020-10-25T15:10:37.716+0800: 0.433: [DefNew: 157237K->17471K(157248K), 0.0284684 secs] 396818K->307074K(506816K), 0.0285578 secs] [Times: user=0.02 sys=0.02, real=0.03 secs] 
2020-10-25T15:10:37.763+0800: 0.480: [GC (Allocation Failure) 2020-10-25T15:10:37.763+0800: 0.480: [DefNew: 157092K->17472K(157248K), 0.0241105 secs] 446695K->348594K(506816K), 0.0242132 secs] [Times: user=0.03 sys=0.00, real=0.02 secs] 
2020-10-25T15:10:37.803+0800: 0.520: [GC (Allocation Failure) 2020-10-25T15:10:37.803+0800: 0.520: [DefNew: 156851K->156851K(157248K), 0.0000233 secs]2020-10-25T15:10:37.803+0800: 0.520: [Tenured: 331122K->278257K(349568K), 0.0326941 secs] 487973K->278257K(506816K), [Metaspace: 2653K->2653K(1056768K)], 0.0328309 secs] [Times: user=0.03 sys=0.00, real=0.03 secs] 
2020-10-25T15:10:37.850+0800: 0.567: [GC (Allocation Failure) 2020-10-25T15:10:37.850+0800: 0.567: [DefNew: 139776K->17471K(157248K), 0.0066266 secs] 418033K->327839K(506816K), 0.0067164 secs] [Times: user=0.00 sys=0.00, real=0.01 secs] 
2020-10-25T15:10:37.873+0800: 0.590: [GC (Allocation Failure) 2020-10-25T15:10:37.873+0800: 0.590: [DefNew: 156933K->156933K(157248K), 0.0000246 secs]2020-10-25T15:10:37.873+0800: 0.590: [Tenured: 310367K->303781K(349568K), 0.0363907 secs] 467301K->303781K(506816K), [Metaspace: 2653K->2653K(1056768K)], 0.0365239 secs] [Times: user=0.05 sys=0.00, real=0.04 secs] 
2020-10-25T15:10:37.925+0800: 0.642: [GC (Allocation Failure) 2020-10-25T15:10:37.925+0800: 0.642: [DefNew: 139776K->17469K(157248K), 0.0076388 secs] 443557K->351890K(506816K), 0.0077295 secs] [Times: user=0.00 sys=0.00, real=0.01 secs] 
2020-10-25T15:10:37.948+0800: 0.665: [GC (Allocation Failure) 2020-10-25T15:10:37.948+0800: 0.665: [DefNew: 157223K->157223K(157248K), 0.0000237 secs]2020-10-25T15:10:37.948+0800: 0.665: [Tenured: 334421K->333177K(349568K), 0.0389504 secs] 491645K->333177K(506816K), [Metaspace: 2653K->2653K(1056768K)], 0.0390848 secs] [Times: user=0.05 sys=0.00, real=0.04 secs] 
2020-10-25T15:10:38.003+0800: 0.720: [GC (Allocation Failure) 2020-10-25T15:10:38.003+0800: 0.720: [DefNew: 139776K->139776K(157248K), 0.0000777 secs]2020-10-25T15:10:38.003+0800: 0.720: [Tenured: 333177K->324083K(349568K), 0.0402968 secs] 472953K->324083K(506816K), [Metaspace: 2653K->2653K(1056768K)], 0.0404872 secs] [Times: user=0.03 sys=0.00, real=0.04 secs] 
2020-10-25T15:10:38.060+0800: 0.777: [GC (Allocation Failure) 2020-10-25T15:10:38.060+0800: 0.777: [DefNew: 139776K->139776K(157248K), 0.0000234 secs]2020-10-25T15:10:38.060+0800: 0.777: [Tenured: 324083K->340175K(349568K), 0.0315131 secs] 463859K->340175K(506816K), [Metaspace: 2653K->2653K(1056768K)], 0.0316450 secs] [Times: user=0.03 sys=0.00, real=0.03 secs] 
2020-10-25T15:10:38.107+0800: 0.825: [GC (Allocation Failure) 2020-10-25T15:10:38.107+0800: 0.825: [DefNew: 139776K->139776K(157248K), 0.0000235 secs]2020-10-25T15:10:38.107+0800: 0.825: [Tenured: 340175K->347529K(349568K), 0.0378212 secs] 479951K->347529K(506816K), [Metaspace: 2653K->2653K(1056768K)], 0.0379535 secs] [Times: user=0.05 sys=0.00, real=0.04 secs] 
2020-10-25T15:10:38.161+0800: 0.879: [GC (Allocation Failure) 2020-10-25T15:10:38.161+0800: 0.879: [DefNew: 139776K->139776K(157248K), 0.0000238 secs]2020-10-25T15:10:38.161+0800: 0.879: [Tenured: 347529K->347389K(349568K), 0.0362437 secs] 487305K->347389K(506816K), [Metaspace: 2653K->2653K(1056768K)], 0.0363775 secs] [Times: user=0.03 sys=0.00, real=0.04 secs] 
2020-10-25T15:10:38.214+0800: 0.931: [GC (Allocation Failure) 2020-10-25T15:10:38.214+0800: 0.931: [DefNew: 139776K->139776K(157248K), 0.0000233 secs]2020-10-25T15:10:38.214+0800: 0.931: [Tenured: 347389K->332552K(349568K), 0.0428992 secs] 487165K->332552K(506816K), [Metaspace: 2653K->2653K(1056768K)], 0.0430294 secs] [Times: user=0.05 sys=0.00, real=0.04 secs] 
2020-10-25T15:10:38.273+0800: 0.991: [GC (Allocation Failure) 2020-10-25T15:10:38.273+0800: 0.991: [DefNew: 139776K->139776K(157248K), 0.0000241 secs]2020-10-25T15:10:38.273+0800: 0.991: [Tenured: 332552K->349273K(349568K), 0.0303916 secs] 472328K->351890K(506816K), [Metaspace: 2653K->2653K(1056768K)], 0.0305237 secs] [Times: user=0.03 sys=0.00, real=0.03 secs] 
2020-10-25T15:10:38.321+0800: 1.039: [Full GC (Allocation Failure) 2020-10-25T15:10:38.322+0800: 1.039: [Tenured: 349273K->349561K(349568K), 0.0394519 secs] 506224K->352446K(506816K), [Metaspace: 2653K->2653K(1056768K)], 0.0395598 secs] [Times: user=0.05 sys=0.00, real=0.04 secs] 
Heap
 def new generation   total 157248K, used 71894K [0x00000000e0000000, 0x00000000eaaa0000, 0x00000000eaaa0000)
  eden space 139776K,  51% used [0x00000000e0000000, 0x00000000e4635bd8, 0x00000000e8880000)
  from space 17472K,   0% used [0x00000000e8880000, 0x00000000e8880000, 0x00000000e9990000)
  to   space 17472K,   0% used [0x00000000e9990000, 0x00000000e9990000, 0x00000000eaaa0000)
 tenured generation   total 349568K, used 349561K [0x00000000eaaa0000, 0x0000000100000000, 0x0000000100000000)
   the space 349568K,  99% used [0x00000000eaaa0000, 0x00000000ffffe530, 0x00000000ffffe600, 0x0000000100000000)
 Metaspace       used 2659K, capacity 4486K, committed 4864K, reserved 1056768K
  class space    used 297K, capacity 386K, committed 512K, reserved 1048576K
